------------------------------------------------------------
TimeQuest Timing Analyzer Summary
------------------------------------------------------------

Type  : Slow 1200mV 85C Model Setup 'clockDivisor:clockDivisor|clkOut'
Slack : -1.623
TNS   : -31.449

Type  : Slow 1200mV 85C Model Setup 'clk'
Slack : 0.113
TNS   : 0.000

Type  : Slow 1200mV 85C Model Hold 'clk'
Slack : -0.031
TNS   : -0.031

Type  : Slow 1200mV 85C Model Hold 'clockDivisor:clockDivisor|clkOut'
Slack : 0.525
TNS   : 0.000

Type  : Slow 1200mV 85C Model Minimum Pulse Width 'clk'
Slack : -3.000
TNS   : -4.285

Type  : Slow 1200mV 85C Model Minimum Pulse Width 'clockDivisor:clockDivisor|clkOut'
Slack : -1.285
TNS   : -30.840

Type  : Slow 1200mV 0C Model Setup 'clockDivisor:clockDivisor|clkOut'
Slack : -1.389
TNS   : -26.403

Type  : Slow 1200mV 0C Model Setup 'clk'
Slack : 0.175
TNS   : 0.000

Type  : Slow 1200mV 0C Model Hold 'clk'
Slack : -0.066
TNS   : -0.066

Type  : Slow 1200mV 0C Model Hold 'clockDivisor:clockDivisor|clkOut'
Slack : 0.484
TNS   : 0.000

Type  : Slow 1200mV 0C Model Minimum Pulse Width 'clk'
Slack : -3.000
TNS   : -4.285

Type  : Slow 1200mV 0C Model Minimum Pulse Width 'clockDivisor:clockDivisor|clkOut'
Slack : -1.285
TNS   : -30.840

Type  : Fast 1200mV 0C Model Setup 'clockDivisor:clockDivisor|clkOut'
Slack : -0.280
TNS   : -3.136

Type  : Fast 1200mV 0C Model Setup 'clk'
Slack : 0.330
TNS   : 0.000

Type  : Fast 1200mV 0C Model Hold 'clk'
Slack : -0.050
TNS   : -0.050

Type  : Fast 1200mV 0C Model Hold 'clockDivisor:clockDivisor|clkOut'
Slack : 0.232
TNS   : 0.000

Type  : Fast 1200mV 0C Model Minimum Pulse Width 'clk'
Slack : -3.000
TNS   : -4.057

Type  : Fast 1200mV 0C Model Minimum Pulse Width 'clockDivisor:clockDivisor|clkOut'
Slack : -1.000
TNS   : -24.000

------------------------------------------------------------
